<!DOCTYPE html>
<html lang="en">
<head>
    <meta charset="utf-8">
    <meta name="viewport" content="width=device-width, initial-scale=1.0">
    <meta name="generator" content="rustdoc">
    <meta name="description" content="API documentation for the Rust `Expected` trait in crate `serde`.">
    <meta name="keywords" content="rust, rustlang, rust-lang, Expected">

    <title>serde::de::Expected - Rust</title>

    <link rel="stylesheet" type="text/css" href="../../normalize.css">
    <link rel="stylesheet" type="text/css" href="../../rustdoc.css">
    <link rel="stylesheet" type="text/css" href="../../main.css">
    

    
    
</head>
<body class="rustdoc trait">
    <!--[if lte IE 8]>
    <div class="warning">
        This old browser is unsupported and will most likely display funky
        things.
    </div>
    <![endif]-->

    

    <nav class="sidebar">
        
        <p class='location'><a href='../index.html'>serde</a>::<wbr><a href='index.html'>de</a></p><script>window.sidebarCurrent = {name: 'Expected', ty: 'trait', relpath: ''};</script><script defer src="sidebar-items.js"></script>
    </nav>

    <nav class="sub">
        <form class="search-form js-only">
            <div class="search-container">
                <input class="search-input" name="search"
                       autocomplete="off"
                       placeholder="Click or press ‘S’ to search, ‘?’ for more options…"
                       type="search">
            </div>
        </form>
    </nav>

    <section id='main' class="content">
<h1 class='fqn'><span class='in-band'>Trait <a href='../index.html'>serde</a>::<wbr><a href='index.html'>de</a>::<wbr><a class="trait" href=''>Expected</a></span><span class='out-of-band'><span id='render-detail'>
                   <a id="toggle-all-docs" href="javascript:void(0)" title="collapse all docs">
                       [<span class='inner'>&#x2212;</span>]
                   </a>
               </span><a class='srclink' href='../../src/serde/de/mod.rs.html#443-447' title='goto source code'>[src]</a></span></h1>
<pre class='rust trait'>pub trait Expected {
    fn <a href='#tymethod.fmt' class='fnname'>fmt</a>(&amp;self, formatter: &amp;mut <a class="struct" href="https://doc.rust-lang.org/nightly/core/fmt/struct.Formatter.html" title="struct core::fmt::Formatter">Formatter</a>) -&gt; <a class="type" href="https://doc.rust-lang.org/nightly/core/fmt/type.Result.html" title="type core::fmt::Result">Result</a>;
}</pre><div class='docblock'><p><code>Expected</code> represents an explanation of what data a <code>Visitor</code> was expecting
to receive.</p>
<p>This is used as an argument to the <code>invalid_type</code>, <code>invalid_value</code>, and
<code>invalid_length</code> methods of the <code>Error</code> trait to build error messages. The
message should be a noun or noun phrase that completes the sentence &quot;This
Visitor expects to receive ...&quot;, for example the message could be &quot;an
integer between 0 and 64&quot;. The message should not be capitalized and should
not end with a period.</p>
<p>Within the context of a <code>Visitor</code> implementation, the <code>Visitor</code> itself
(<code>&amp;self</code>) is an implementation of this trait.</p>

<pre class="rust rust-example-rendered">
<span class="kw">fn</span> <span class="ident">visit_bool</span><span class="op">&lt;</span><span class="ident">E</span><span class="op">&gt;</span>(<span class="self">self</span>, <span class="ident">v</span>: <span class="ident">bool</span>) <span class="op">-&gt;</span> <span class="prelude-ty">Result</span><span class="op">&lt;</span><span class="self">Self</span>::<span class="ident">Value</span>, <span class="ident">E</span><span class="op">&gt;</span>
    <span class="kw">where</span> <span class="ident">E</span>: <span class="ident">de</span>::<span class="ident">Error</span>
{
    <span class="prelude-val">Err</span>(<span class="ident">de</span>::<span class="ident">Error</span>::<span class="ident">invalid_type</span>(<span class="ident">Unexpected</span>::<span class="ident">Bool</span>(<span class="ident">v</span>), <span class="kw-2">&amp;</span><span class="self">self</span>))
}</pre>
<p>Outside of a <code>Visitor</code>, <code>&amp;&quot;...&quot;</code> can be used.</p>

<pre class="rust rust-example-rendered">
<span class="kw">return</span> <span class="prelude-val">Err</span>(<span class="ident">de</span>::<span class="ident">Error</span>::<span class="ident">invalid_type</span>(<span class="ident">Unexpected</span>::<span class="ident">Bool</span>(<span class="ident">v</span>), <span class="kw-2">&amp;</span><span class="string">&quot;a negative integer&quot;</span>));</pre>
</div>
            <h2 id='required-methods'>Required Methods</h2>
            <div class='methods'>
        <h3 id='tymethod.fmt' class='method'><span id='fmt.v' class='invisible'><code>fn <a href='#tymethod.fmt' class='fnname'>fmt</a>(&amp;self, formatter: &amp;mut <a class="struct" href="https://doc.rust-lang.org/nightly/core/fmt/struct.Formatter.html" title="struct core::fmt::Formatter">Formatter</a>) -&gt; <a class="type" href="https://doc.rust-lang.org/nightly/core/fmt/type.Result.html" title="type core::fmt::Result">Result</a></code></span></h3><div class='docblock'><p>Format an explanation of what data was being expected. Same signature as
the <code>Display</code> and <code>Debug</code> traits.</p>
</div></div><h2 id='implementations'>Trait Implementations</h2><h3 class='impl'><span class='in-band'><code>impl&lt;'a&gt; <a class="trait" href="https://doc.rust-lang.org/nightly/core/fmt/trait.Display.html" title="trait core::fmt::Display">Display</a> for <a class="trait" href="../../serde/de/trait.Expected.html" title="trait serde::de::Expected">Expected</a> + 'a</code></span><span class='out-of-band'><div class='ghost'></div><a class='srclink' href='../../src/serde/de/mod.rs.html#464-468' title='goto source code'>[src]</a></span></h3>
<div class='impl-items'><h4 id='method.fmt' class="method"><span id='fmt.v-1' class='invisible'><code>fn <a href='https://doc.rust-lang.org/nightly/core/fmt/trait.Display.html#tymethod.fmt' class='fnname'>fmt</a>(&amp;self, formatter: &amp;mut <a class="struct" href="https://doc.rust-lang.org/nightly/core/fmt/struct.Formatter.html" title="struct core::fmt::Formatter">Formatter</a>) -&gt; <a class="type" href="https://doc.rust-lang.org/nightly/core/fmt/type.Result.html" title="type core::fmt::Result">Result</a></code></span></h4>
<div class='docblock'><p>Formats the value using the given formatter. <a href="https://doc.rust-lang.org/nightly/core/fmt/trait.Display.html#tymethod.fmt">Read more</a></p>
</div></div>
        <h2 id='implementors'>Implementors</h2>
        <ul class='item-list' id='implementors-list'>
    <li><code>impl&lt;'de, T&gt; Expected for T <span class="where fmt-newline">where T: <a class="trait" href="../../serde/de/trait.Visitor.html" title="trait serde::de::Visitor">Visitor</a>&lt;'de&gt;</span></code></li>
<li><code>impl&lt;'a&gt; Expected for &amp;'a <a class="primitive" href="https://doc.rust-lang.org/nightly/std/primitive.str.html">str</a></code></li>
</ul><script type="text/javascript" async
                         src="../../implementors/serde/de/trait.Expected.js">
                 </script></section>
    <section id='search' class="content hidden"></section>

    <section class="footer"></section>

    <aside id="help" class="hidden">
        <div>
            <h1 class="hidden">Help</h1>

            <div class="shortcuts">
                <h2>Keyboard Shortcuts</h2>

                <dl>
                    <dt>?</dt>
                    <dd>Show this help dialog</dd>
                    <dt>S</dt>
                    <dd>Focus the search field</dd>
                    <dt>&larrb;</dt>
                    <dd>Move up in search results</dd>
                    <dt>&rarrb;</dt>
                    <dd>Move down in search results</dd>
                    <dt>&#9166;</dt>
                    <dd>Go to active search result</dd>
                    <dt>+</dt>
                    <dd>Collapse/expand all sections</dd>
                </dl>
            </div>

            <div class="infos">
                <h2>Search Tricks</h2>

                <p>
                    Prefix searches with a type followed by a colon (e.g.
                    <code>fn:</code>) to restrict the search to a given type.
                </p>

                <p>
                    Accepted types are: <code>fn</code>, <code>mod</code>,
                    <code>struct</code>, <code>enum</code>,
                    <code>trait</code>, <code>type</code>, <code>macro</code>,
                    and <code>const</code>.
                </p>

                <p>
                    Search functions by type signature (e.g.
                    <code>vec -> usize</code> or <code>* -> vec</code>)
                </p>
            </div>
        </div>
    </aside>

    

    <script>
        window.rootPath = "../../";
        window.currentCrate = "serde";
    </script>
    <script src="../../jquery.js"></script>
    <script src="../../main.js"></script>
    <script defer src="../../search-index.js"></script>
</body>
</html>